../Drivers/CMSIS/Include/core_cm4.h:1933:34:__NVIC_SystemReset	4	static,ignoring_inline_asm
../Core/Src/main.c:235:6:ClearUARTBuffer	24	static
../Core/Src/main.c:243:6:UART_WriteString	24	static
../Core/Src/main.c:248:7:UART_ReadString	1064	static
../Core/Src/main.c:295:7:feedbackSerial	24	static
../Core/Src/main.c:337:7:commandAT	288	static
../Core/Src/main.c:354:7:uint32_tTocharPointer	1040	static
../Core/Src/main.c:360:5:indexOf	32	static
../Core/Src/main.c:368:7:bool_to_intString	16	static
../Core/Src/main.c:374:6:deserializeAT	32	static
../Core/Src/main.c:389:7:separator	32	static
../Core/Src/main.c:425:10:GPIO	24	static
../Core/Src/main.c:439:6:printParameters	40	static
../Core/Src/main.c:459:6:LoRaWAN_Begin	16	static
../Core/Src/main.c:463:7:DADDR	16	static
../Core/Src/main.c:468:7:APPKEY	16	static
../Core/Src/main.c:473:7:APPSKEY	16	static
../Core/Src/main.c:478:7:NWKSKEY	16	static
../Core/Src/main.c:483:7:APPEUI	16	static
../Core/Src/main.c:488:7:DEUI	8	static
../Core/Src/main.c:492:7:CHMASK	16	static
../Core/Src/main.c:497:6:ATZ	8	static
../Core/Src/main.c:501:9:ADR	16	static
../Core/Src/main.c:506:9:DR	16	static
../Core/Src/main.c:511:9:DCS	16	static
../Core/Src/main.c:516:9:PNM	16	static
../Core/Src/main.c:521:10:RX2FQ	16	static
../Core/Src/main.c:526:10:RX2DR	16	static
../Core/Src/main.c:531:10:RX1DL	16	static
../Core/Src/main.c:536:10:RX2DL	16	static
../Core/Src/main.c:541:10:JN1DL	16	static
../Core/Src/main.c:546:10:JN2DL	16	static
../Core/Src/main.c:551:9:NJM	16	static
../Core/Src/main.c:556:7:NWKID	8	static
../Core/Src/main.c:560:9:CLASS	16	static
../Core/Src/main.c:567:9:JOIN	16	static
../Core/Src/main.c:577:9:AJOIN	16	static
../Core/Src/main.c:582:9:NJS	8	static
../Core/Src/main.c:586:7:VER	8	static
../Core/Src/main.c:590:9:CFM	16	static
../Core/Src/main.c:595:9:SNR	8	static
../Core/Src/main.c:599:5:RSSI	8	static
../Core/Src/main.c:603:7:BAT	8	static
../Core/Src/main.c:607:10:BAUDRATE	16	static
../Core/Src/main.c:612:9:NBTRIALS	16	static
../Core/Src/main.c:617:9:TXCFM	40	static
../Core/Src/main.c:637:9:KEEPALIVE	24	static
../Core/Src/main.c:651:9:pinMode	288	static
../Core/Src/main.c:684:9:digitalRead	16	static
../Core/Src/main.c:688:9:digitalWrite	16	static
../Core/Src/main.c:692:10:analogRead	16	static
../Core/Src/main.c:696:6:ConfigNetwork	32	static
../Core/Src/main.c:717:9:JoinNetwork	32	static
../Core/Src/main.c:728:9:SendString	16	static
../Core/Src/main.c:742:9:SendRaw	32	static
../Core/Src/main.c:769:5:main	16	static
../Core/Src/main.c:832:6:SystemClock_Config	96	static
../Core/Src/main.c:887:13:MX_USART1_UART_Init	8	static
../Core/Src/main.c:922:13:MX_USART2_UART_Init	8	static
../Core/Src/main.c:957:13:MX_GPIO_Init	40	static
../Core/Src/main.c:990:6:Error_Handler	4	static,ignoring_inline_asm
